[0.007s] Invoking command in '/home/rb01/ZMAI/tidybot2/models/omnipicker/robot_description/build/robot_description': CMAKE_PREFIX_PATH=/opt/ros/humble CONDA_PROMPT_MODIFIER=(base) /usr/bin/cmake /home/rb01/ZMAI/tidybot2/models/omnipicker/robot_description -DCMAKE_INSTALL_PREFIX=/home/rb01/ZMAI/tidybot2/models/omnipicker/robot_description/install/robot_description
[0.074s] -- The C compiler identification is GNU 11.4.0
[0.133s] -- The CXX compiler identification is GNU 11.4.0
[0.139s] -- Detecting C compiler ABI info
[0.204s] -- Detecting C compiler ABI info - done
[0.209s] -- Check for working C compiler: /usr/bin/cc - skipped
[0.209s] -- Detecting C compile features
[0.209s] -- Detecting C compile features - done
[0.211s] -- Detecting CXX compiler ABI info
[0.270s] -- Detecting CXX compiler ABI info - done
[0.275s] -- Check for working CXX compiler: /usr/bin/c++ - skipped
[0.275s] -- Detecting CXX compile features
[0.275s] -- Detecting CXX compile features - done
[0.280s] -- Found ament_cmake: 1.3.11 (/opt/ros/humble/share/ament_cmake/cmake)
[0.513s] -- Found Python3: /home/rb01/miniforge3/bin/python3 (found version "3.12.9") found components: Interpreter 
[0.599s] Traceback (most recent call last):
[0.599s]   File "/opt/ros/humble/share/ament_cmake_core/cmake/core/package_xml_2_cmake.py", line 22, in <module>
[0.599s]     from catkin_pkg.package import parse_package_string
[0.599s] ModuleNotFoundError: No module named 'catkin_pkg'
[0.601s] [31mCMake Error at /opt/ros/humble/share/ament_cmake_core/cmake/core/ament_package_xml.cmake:95 (message):
[0.601s]   execute_process(/home/rb01/miniforge3/bin/python3
[0.601s]   /opt/ros/humble/share/ament_cmake_core/cmake/core/package_xml_2_cmake.py
[0.601s]   /home/rb01/ZMAI/tidybot2/models/omnipicker/robot_description/package.xml
[0.601s]   /home/rb01/ZMAI/tidybot2/models/omnipicker/robot_description/build/robot_description/ament_cmake_core/package.cmake)
[0.601s]   returned error code 1
[0.601s] Call Stack (most recent call first):
[0.602s]   /opt/ros/humble/share/ament_cmake_core/cmake/core/ament_package_xml.cmake:49 (_ament_package_xml)
[0.602s]   /opt/ros/humble/share/ament_cmake_core/cmake/core/ament_package.cmake:63 (ament_package_xml)
[0.602s]   CMakeLists.txt:17 (ament_package)
[0.602s] 
[0.602s] [0m
[0.602s] -- Configuring incomplete, errors occurred!
[0.602s] See also "/home/rb01/ZMAI/tidybot2/models/omnipicker/robot_description/build/robot_description/CMakeFiles/CMakeOutput.log".
[0.605s] Invoked command in '/home/rb01/ZMAI/tidybot2/models/omnipicker/robot_description/build/robot_description' returned '1': CMAKE_PREFIX_PATH=/opt/ros/humble CONDA_PROMPT_MODIFIER=(base) /usr/bin/cmake /home/rb01/ZMAI/tidybot2/models/omnipicker/robot_description -DCMAKE_INSTALL_PREFIX=/home/rb01/ZMAI/tidybot2/models/omnipicker/robot_description/install/robot_description
